// Jest Snapshot v1, https://goo.gl/fbAQLP

exports[`<SortCard /> should render button and card 1`] = `
<div
  class=""
>
  <div
    data-testid="Mock Card"
  />
  <div
    data-testid="Mock Button"
  />
</div>
`;
