// Jest Snapshot v1, https://goo.gl/fbAQLP

exports[`<RandomCard /> should render button and card 1`] = `
<div
  class=""
>
  <div
    class=""
  >
    <div
      data-testid="Mock Card"
    />
  </div>
  <div
    data-testid="Mock Button"
  />
</div>
`;
