// Jest Snapshot v1, https://goo.gl/fbAQLP

exports[`<Loading /> should render 1`] = `
.c0 {
  width: 3.2rem;
  height: 3.2rem;
  border-width: 0.3rem;
  position: absolute;
  top: 50%;
  left: 50%;
  -webkit-transform: translate(-50%,-50%);
  -ms-transform: translate(-50%,-50%);
  transform: translate(-50%,-50%);
}

.c0:before {
  width: 0.3rem;
  height: 0.3rem;
}

.c0:after {
  width: 0.3rem;
  height: 0.3rem;
}

.c1 {
  display: inline-block;
  position: relative;
  width: 3.2rem;
  height: 3.2rem;
  border-width: 0.3rem;
  border: 0;
}

.c1:before {
  width: 0.3rem;
  height: 0.3rem;
}

.c1:after {
  width: 0.3rem;
  height: 0.3rem;
}

.c3 {
  width: 3.2rem;
  height: 3.2rem;
  border-width: 0.3rem;
  border-radius: 50%;
  position: absolute;
  z-index: 2;
  -webkit-transform: rotate(45deg);
  -ms-transform: rotate(45deg);
  transform: rotate(45deg);
  -webkit-animation: dotte 0.8s linear infinite;
  animation: dotte 0.8s linear infinite;
  -webkit-animation-delay: -0.45s;
  animation-delay: -0.45s;
}

.c3:before {
  width: 0.3rem;
  height: 0.3rem;
}

.c3:after {
  width: 0.3rem;
  height: 0.3rem;
}

.c3:before {
  content: '';
  background-color: #EAEAEA;
  border-radius: 50%;
  position: absolute;
  top: 50%;
  left: 0;
  -webkit-transform: translateY(-50%);
  -ms-transform: translateY(-50%);
  transform: translateY(-50%);
}

.c3:after {
  content: '';
  background-color: #EAEAEA;
  border-radius: 50%;
  position: absolute;
  top: 0;
  left: 50%;
  -webkit-transform: translateX(-50%);
  -ms-transform: translateX(-50%);
  transform: translateX(-50%);
}

.c2 {
  box-sizing: border-box;
  display: block;
  position: absolute;
  border-radius: 50%;
  border-color: #EAEAEA transparent transparent transparent;
  border-style: solid;
  -webkit-animation: spinner 0.8s linear infinite;
  animation: spinner 0.8s linear infinite;
  width: 3.2rem;
  height: 3.2rem;
  border-width: 0.3rem;
}

.c2:before {
  width: 0.3rem;
  height: 0.3rem;
}

.c2:after {
  width: 0.3rem;
  height: 0.3rem;
}

.c2:nth-child(1) {
  -webkit-animation-delay: -0.45s;
  animation-delay: -0.45s;
}

<div
  class="c0"
>
  <div
    class="c1"
  >
    <div
      class="c2"
      color="light"
    />
    <div
      class="c3"
      color="light"
    />
  </div>
</div>
`;
