// Jest Snapshot v1, https://goo.gl/fbAQLP

exports[`<Image /> should render 1`] = `
.c0 {
  width: auto;
}

<img
  class="c0"
  src="/"
/>
`;
